<html>
<body>
<pre>
<h1>µVision Build Log</h1>
<h2>Tool Versions:</h2>
IDE-Version: ¦ÌVision V5.36.0.0
Copyright (C) 2021 ARM Ltd and ARM Germany GmbH. All rights reserved.
License Information: 1 1, 1, LIC=65ISZ-JDJB4-45RT5-GY25X-R07Q1-GKNP1
 
Tool Versions:
Toolchain:       MDK-ARM Plus  Version: 5.36.0.0
Toolchain Path:  C:\Keil_v5\ARM\ARMCC\Bin
C Compiler:      Armcc.exe V5.06 update 7 (build 960)
Assembler:       Armasm.exe V5.06 update 7 (build 960)
Linker/Locator:  ArmLink.exe V5.06 update 7 (build 960)
Library Manager: ArmAr.exe V5.06 update 7 (build 960)
Hex Converter:   FromElf.exe V5.06 update 7 (build 960)
CPU DLL:         SARMCM3.DLL V5.36.0.0
Dialog DLL:      DCM.DLL V1.17.3.0
Target DLL:      STLink\ST-LINKIII-KEIL_SWO.dll V3.0.9.0
Dialog DLL:      TCM.DLL V1.53.0.0
 
<h2>Project:</h2>
C:\Users\surgery\Desktop\stm32 project\ELCTRONIC\MDK-ARM\ELCTRONIC.uvprojx
Project File Date:  03/08/2025

<h2>Output:</h2>
*** Using Compiler 'V5.06 update 7 (build 960)', folder: 'C:\Keil_v5\ARM\ARMCC\Bin'
Build target 'ELCTRONIC'
compiling main.c...
../Core/Src/main.c(72): warning:  #177-D: variable "lasttotalcount"  was declared but never referenced
  	int64_t lasttotalcount=0;
../Core/Src/main.c(74): warning:  #177-D: variable "angle"  was declared but never referenced
  	float angle=0;
../Core/Src/main.c(75): warning:  #177-D: variable "angle1"  was declared but never referenced
  	float angle1=0;
../Core/Src/main.c(76): warning:  #177-D: variable "angle2"  was declared but never referenced
  	float angle2=0;
../Core/Src/main.c(78): warning:  #550-D: variable "MotorSpeeed"  was set but never used
  	float MotorSpeeed=0.00;
../Core/Src/main.c(79): warning:  #550-D: variable "MotorSpeeed1"  was set but never used
  	float MotorSpeeed1=0.00;
../Core/Src/main.c: 6 warnings, 0 errors
linking...
Program Size: Code=4748 RO-data=304 RW-data=16 ZI-data=1776  
FromELF: creating hex file...
"ELCTRONIC\ELCTRONIC.axf" - 0 Error(s), 6 Warning(s).

<h2>Software Packages used:</h2>

Package Vendor: ARM
                http://www.keil.com/pack/ARM.CMSIS.5.8.0.pack
                ARM.CMSIS.5.8.0
                CMSIS (Common Microcontroller Software Interface Standard)
   * Component: CORE Version: 5.5.0

Package Vendor: Keil
                https://www.keil.com/pack/Keil.STM32F1xx_DFP.2.4.1.pack
                Keil.STM32F1xx_DFP.2.4.1
                STMicroelectronics STM32F1 Series Device Support, Drivers and Examples

<h2>Collection of Component include folders:</h2>
  .\RTE\_ELCTRONIC
  C:\Users\surgery\AppData\Local\Arm\Packs\ARM\CMSIS\5.8.0\CMSIS\Core\Include
  C:\Users\surgery\AppData\Local\Arm\Packs\Keil\STM32F1xx_DFP\2.4.1\Device\Include

<h2>Collection of Component Files used:</h2>

   * Component: ARM::CMSIS:CORE:5.5.0
      Include file:  CMSIS\Core\Include\tz_context.h
Build Time Elapsed:  00:00:04
</pre>
</body>
</html>
